
> arson-pixels@0.0.0 build
> vite build

[36mvite v6.4.1 [32mbuilding for production...[36m[39m
transforming...
[32mÔ£ô[39m 2447 modules transformed.
Ô£ù Build failed in 10.22s
error during build:
src/pages/ShopPage.tsx (8:9): "Instagram" is not exported by "node_modules/lucide-react/dist/esm/lucide-react.js", imported by "src/pages/ShopPage.tsx".
file: Z:/ARSONPIXELZ/src/pages/ShopPage.tsx:8:9

6: import { ServiceMatrix } from '../components/shop/ServiceMatrix/ServiceMatrix';
7: import { ShopPromoPopup } from '../components/shop/ShopPromoPopup';
8: import { Instagram, Twitter, Linkedin } from 'lucide-react';
            ^

    at getRollupError (file:///Z:/ARSONPIXELZ/node_modules/rollup/dist/es/shared/parseAst.js:402:41)
    at error (file:///Z:/ARSONPIXELZ/node_modules/rollup/dist/es/shared/parseAst.js:398:42)
    at Module.error (file:///Z:/ARSONPIXELZ/node_modules/rollup/dist/es/shared/node-entry.js:17040:16)
    at Module.traceVariable (file:///Z:/ARSONPIXELZ/node_modules/rollup/dist/es/shared/node-entry.js:17452:29)
    at ModuleScope.findVariable (file:///Z:/ARSONPIXELZ/node_modules/rollup/dist/es/shared/node-entry.js:15070:39)
    at ReturnValueScope.findVariable (file:///Z:/ARSONPIXELZ/node_modules/rollup/dist/es/shared/node-entry.js:5673:38)
    at FunctionBodyScope.findVariable (file:///Z:/ARSONPIXELZ/node_modules/rollup/dist/es/shared/node-entry.js:5673:38)
    at Identifier.bind (file:///Z:/ARSONPIXELZ/node_modules/rollup/dist/es/shared/node-entry.js:5447:40)
    at Property.bind (file:///Z:/ARSONPIXELZ/node_modules/rollup/dist/es/shared/node-entry.js:2829:23)
    at ObjectExpression.bind (file:///Z:/ARSONPIXELZ/node_modules/rollup/dist/es/shared/node-entry.js:2825:28)
